Run root: evaluate_results/robotwin/vlm_matrix/20260519_115312
[11:53:12] launch task=hanging_mug cond=baseline gpu=0 log=evaluate_results/robotwin/vlm_matrix/20260519_115312/hanging_mug_baseline/launcher.log
[11:53:14] launch task=hanging_mug cond=vlm gpu=1 log=evaluate_results/robotwin/vlm_matrix/20260519_115312/hanging_mug_vlm/launcher.log
[11:53:16] launch task=open_microwave cond=baseline gpu=2 log=evaluate_results/robotwin/vlm_matrix/20260519_115312/open_microwave_baseline/launcher.log
[11:53:18] launch task=open_microwave cond=vlm gpu=3 log=evaluate_results/robotwin/vlm_matrix/20260519_115312/open_microwave_vlm/launcher.log
[11:53:20] launch task=place_can_basket cond=baseline gpu=4 log=evaluate_results/robotwin/vlm_matrix/20260519_115312/place_can_basket_baseline/launcher.log
[11:53:22] launch task=place_can_basket cond=vlm gpu=5 log=evaluate_results/robotwin/vlm_matrix/20260519_115312/place_can_basket_vlm/launcher.log
[11:53:24] launch task=turn_switch cond=baseline gpu=6 log=evaluate_results/robotwin/vlm_matrix/20260519_115312/turn_switch_baseline/launcher.log
[11:53:26] launch task=turn_switch cond=vlm gpu=7 log=evaluate_results/robotwin/vlm_matrix/20260519_115312/turn_switch_vlm/launcher.log

Launched 8 jobs. Waiting for all to finish...
Run root: evaluate_results/robotwin/vlm_matrix/20260519_115312

[11:53:28] alive=8/8
[11:54:28] alive=8/8
[11:55:28] alive=8/8
[11:56:29] alive=8/8
[11:57:29] alive=8/8
[11:58:29] alive=8/8
[11:59:29] alive=8/8
[12:00:29] alive=8/8
[12:01:29] alive=8/8
[12:02:29] alive=8/8
[12:03:29] alive=8/8
[12:04:29] alive=8/8
[12:05:29] alive=8/8
[12:06:29] alive=8/8
[12:07:29] alive=8/8
[12:08:29] alive=8/8
[12:09:29] alive=8/8
[12:10:29] alive=8/8
[12:11:29] alive=8/8
[12:12:29] alive=8/8
[12:13:29] alive=8/8
[12:14:29] alive=8/8
[12:15:30] alive=8/8
[12:16:30] alive=8/8
[12:17:30] alive=8/8
[12:18:30] alive=8/8
[12:19:30] alive=8/8
[12:20:30] alive=8/8
[12:21:30] alive=8/8
[12:22:19] DONE task=turn_switch cond=baseline gpu=6 rc=0
[12:22:30] alive=7/8
[12:23:30] alive=7/8
[12:24:30] alive=7/8
[12:25:30] alive=7/8
[12:26:30] alive=7/8
[12:27:22] DONE task=turn_switch cond=vlm gpu=7 rc=0
[12:27:30] alive=6/8
[12:28:30] alive=6/8
[12:29:30] alive=6/8
[12:30:30] alive=6/8
[12:31:30] alive=6/8
[12:32:30] alive=6/8
[12:33:30] alive=6/8
[12:34:30] alive=6/8
[12:35:30] alive=6/8
[12:36:31] alive=6/8
[12:37:31] alive=6/8
[12:38:31] alive=6/8
[12:39:31] alive=6/8
[12:40:31] alive=6/8
[12:41:31] alive=6/8
[12:42:31] alive=6/8
[12:43:31] alive=6/8
[12:44:31] alive=6/8
[12:45:31] alive=6/8
[12:46:31] alive=6/8
[12:47:31] alive=6/8
[12:48:31] alive=6/8
[12:49:31] alive=6/8
[12:50:31] alive=6/8
[12:51:31] alive=6/8
[12:52:31] alive=6/8
[12:53:31] alive=6/8
[12:54:31] alive=6/8
[12:55:31] alive=6/8
[12:56:32] alive=6/8
[12:57:32] alive=6/8
[12:58:32] alive=6/8
[12:59:32] alive=6/8
[13:00:32] alive=6/8
[13:01:32] alive=6/8
[13:02:32] alive=6/8
[13:03:32] alive=6/8
[13:04:07] DONE task=open_microwave cond=vlm gpu=3 rc=0
[13:04:32] alive=5/8
[13:05:32] alive=5/8
[13:06:32] alive=5/8
[13:07:32] alive=5/8
[13:08:32] alive=5/8
[13:09:32] alive=5/8
[13:10:32] alive=5/8
[13:11:32] alive=5/8
[13:12:32] alive=5/8
[13:13:32] alive=5/8
[13:14:27] DONE task=open_microwave cond=baseline gpu=2 rc=0
[13:14:32] alive=4/8
[13:15:33] alive=4/8
[13:16:33] alive=4/8
[13:17:33] alive=4/8
[13:18:33] alive=4/8
[13:19:33] alive=4/8
[13:20:33] alive=4/8
[13:21:33] alive=4/8
[13:22:33] alive=4/8
[13:23:33] alive=4/8
[13:24:33] alive=4/8
[13:25:33] alive=4/8
[13:26:33] alive=4/8
[13:27:33] alive=4/8
[13:28:33] alive=4/8
[13:29:33] alive=4/8
[13:30:34] alive=4/8
[13:31:34] alive=4/8
[13:32:34] alive=4/8
[13:33:34] alive=4/8
[13:34:34] alive=4/8
[13:35:34] alive=4/8
[13:36:34] alive=4/8
[13:37:34] alive=4/8
[13:38:34] alive=4/8
[13:39:34] alive=4/8
[13:40:34] alive=4/8
[13:41:34] alive=4/8
[13:42:34] alive=4/8
[13:43:35] alive=4/8
[13:44:35] alive=4/8
[13:45:35] alive=4/8
[13:46:35] alive=4/8
[13:47:35] alive=4/8
[13:48:35] alive=4/8
[13:49:35] alive=4/8
[13:50:35] alive=4/8
[13:51:35] alive=4/8
[13:52:35] alive=4/8
[13:53:35] alive=4/8
[13:54:35] alive=4/8
[13:55:35] alive=4/8
[13:56:36] alive=4/8
[13:57:36] alive=4/8
[13:58:36] alive=4/8
[13:59:36] alive=4/8
[14:00:36] alive=4/8
[14:01:36] alive=4/8
[14:02:36] alive=4/8
[14:03:36] alive=4/8
[14:04:36] alive=4/8
[14:05:36] alive=4/8
[14:06:36] alive=4/8
[14:07:36] alive=4/8
[14:08:36] alive=4/8
[14:09:36] alive=4/8
[14:10:37] alive=4/8
[14:11:37] alive=4/8
[14:12:37] alive=4/8
[14:13:37] alive=4/8
[14:14:37] alive=4/8
[14:15:37] alive=4/8
[14:16:37] alive=4/8
[14:17:37] alive=4/8
[14:18:37] alive=4/8
[14:19:37] alive=4/8
[14:20:37] alive=4/8
[14:21:37] alive=4/8
[14:22:37] alive=4/8
[14:23:38] alive=4/8
[14:24:38] alive=4/8
[14:25:38] alive=4/8
[14:26:38] alive=4/8
[14:27:38] alive=4/8
[14:28:38] alive=4/8
[14:29:38] alive=4/8
[14:30:38] alive=4/8
[14:31:38] alive=4/8
[14:32:38] alive=4/8
[14:33:38] alive=4/8
[14:34:38] alive=4/8
[14:35:38] alive=4/8
[14:36:38] alive=4/8
[14:37:38] alive=4/8
[14:38:38] alive=4/8
[14:39:39] alive=4/8
[14:40:39] alive=4/8
[14:41:39] alive=4/8
[14:42:39] alive=4/8
[14:43:39] alive=4/8
[14:44:39] alive=4/8
[14:45:39] alive=4/8
[14:46:39] alive=4/8
[14:47:39] alive=4/8
[14:48:39] alive=4/8
[14:49:39] alive=4/8
[14:50:39] alive=4/8
[14:51:39] alive=4/8
[14:52:39] alive=4/8
[14:53:39] alive=4/8
[14:54:39] alive=4/8
[14:55:40] alive=4/8
[14:56:40] alive=4/8
[14:57:40] alive=4/8
[14:58:40] alive=4/8
[14:59:40] alive=4/8
[15:00:40] alive=4/8
[15:01:40] alive=4/8
[15:02:40] alive=4/8
[15:03:40] alive=4/8
[15:04:40] alive=4/8
[15:05:40] alive=4/8
[15:06:40] alive=4/8
[15:07:40] alive=4/8
[15:08:41] alive=4/8
[15:09:41] alive=4/8
[15:10:41] alive=4/8
[15:11:41] alive=4/8
[15:12:41] alive=4/8
[15:13:41] alive=4/8
[15:14:41] alive=4/8
[15:15:41] alive=4/8
[15:16:41] alive=4/8
[15:17:41] alive=4/8
[15:18:41] alive=4/8
[15:19:41] alive=4/8
[15:20:41] alive=4/8
[15:21:41] alive=4/8
[15:22:41] alive=4/8
[15:23:42] alive=4/8
[15:24:42] alive=4/8
[15:25:42] alive=4/8
[15:26:42] alive=4/8
[15:27:42] alive=4/8
[15:28:42] alive=4/8
[15:29:42] alive=4/8
[15:30:42] alive=4/8
[15:31:42] alive=4/8
[15:32:42] alive=4/8
[15:33:42] alive=4/8
[15:34:42] alive=4/8
[15:35:42] alive=4/8
[15:36:42] alive=4/8
[15:37:42] alive=4/8
[15:38:43] alive=4/8
[15:39:43] alive=4/8
[15:40:43] alive=4/8
[15:41:43] alive=4/8
[15:42:43] alive=4/8
[15:43:43] alive=4/8
[15:44:43] alive=4/8
[15:45:43] alive=4/8
[15:46:43] alive=4/8
[15:47:43] alive=4/8
[15:48:43] alive=4/8
[15:49:43] alive=4/8
[15:50:43] alive=4/8
[15:51:43] alive=4/8
[15:52:43] alive=4/8
[15:53:43] alive=4/8
[15:54:44] alive=4/8
[15:55:44] alive=4/8
[15:56:44] alive=4/8
[15:57:44] alive=4/8
[15:58:12] DONE task=hanging_mug cond=vlm gpu=1 rc=0
[15:58:44] alive=3/8
[15:59:44] alive=3/8
[16:00:44] alive=3/8
[16:01:44] alive=3/8
[16:02:44] alive=3/8
[16:03:44] alive=3/8
[16:04:44] alive=3/8
[16:05:44] alive=3/8
[16:06:44] alive=3/8
[16:07:45] alive=3/8
[16:08:45] alive=3/8
[16:09:45] alive=3/8
[16:09:53] DONE task=place_can_basket cond=vlm gpu=5 rc=0
[16:10:45] alive=2/8
[16:11:45] alive=2/8
[16:12:45] alive=2/8
[16:13:45] alive=2/8
[16:14:45] alive=2/8
[16:15:45] alive=2/8
[16:16:45] alive=2/8
[16:17:45] alive=2/8
[16:18:45] alive=2/8
[16:19:46] alive=2/8
[16:20:46] alive=2/8
[16:21:46] alive=2/8
[16:22:46] alive=2/8
[16:23:46] alive=2/8
[16:24:46] alive=2/8
[16:25:46] alive=2/8
[16:26:46] alive=2/8
[16:27:46] alive=2/8
[16:28:46] alive=2/8
[16:29:46] alive=2/8
[16:30:46] alive=2/8
[16:31:47] alive=2/8
[16:32:47] alive=2/8
[16:33:47] alive=2/8
[16:34:47] alive=2/8
[16:35:47] alive=2/8
[16:36:47] alive=2/8
[16:37:47] alive=2/8
[16:38:47] alive=2/8
[16:39:47] alive=2/8
[16:40:47] alive=2/8
[16:41:47] alive=2/8
[16:42:47] alive=2/8
[16:43:47] alive=2/8
[16:44:47] alive=2/8
[16:45:48] alive=2/8
[16:46:48] alive=2/8
[16:47:48] alive=2/8
[16:48:48] alive=2/8
[16:49:48] alive=2/8
[16:50:48] alive=2/8
[16:51:48] alive=2/8
[16:52:48] alive=2/8
[16:53:48] alive=2/8
[16:54:48] alive=2/8
[16:55:48] alive=2/8
[16:56:48] alive=2/8
[16:57:48] alive=2/8
[16:58:48] alive=2/8
[16:59:48] alive=2/8
[17:00:49] alive=2/8
[17:01:49] alive=2/8
[17:02:49] alive=2/8
[17:03:49] alive=2/8
[17:04:49] alive=2/8
[17:05:49] alive=2/8
[17:06:49] alive=2/8
[17:07:49] alive=2/8
[17:08:49] alive=2/8
[17:09:49] alive=2/8
[17:10:49] alive=2/8
[17:11:50] alive=2/8
[17:12:50] alive=2/8
[17:13:50] alive=2/8
[17:14:50] alive=2/8
[17:15:50] alive=2/8
[17:16:50] alive=2/8
[17:17:50] alive=2/8
[17:18:50] alive=2/8
[17:19:50] alive=2/8
[17:20:50] alive=2/8
[17:21:50] alive=2/8
[17:22:50] alive=2/8
[17:23:50] alive=2/8
[17:24:51] alive=2/8
[17:25:51] alive=2/8
[17:26:51] alive=2/8
[17:27:51] alive=2/8
[17:28:51] alive=2/8
[17:29:51] alive=2/8
[17:30:51] alive=2/8
[17:31:26] DONE task=hanging_mug cond=baseline gpu=0 rc=0
[17:31:51] alive=1/8
[17:32:51] alive=1/8
[17:33:51] alive=1/8
[17:34:51] alive=1/8
[17:35:51] alive=1/8
[17:36:51] alive=1/8
[17:37:52] alive=1/8
[17:38:52] alive=1/8
[17:39:52] alive=1/8
[17:40:52] alive=1/8
[17:41:52] alive=1/8
[17:42:52] alive=1/8
[17:43:52] alive=1/8
[17:44:52] alive=1/8
[17:45:52] alive=1/8
[17:46:52] alive=1/8
[17:47:52] alive=1/8
[17:48:53] alive=1/8
[17:49:53] alive=1/8
[17:50:53] alive=1/8
[17:51:53] alive=1/8
[17:52:53] alive=1/8
[17:53:53] alive=1/8
[17:54:53] alive=1/8
[17:55:53] alive=1/8
[17:56:53] alive=1/8
[17:57:53] alive=1/8
[17:58:53] alive=1/8
[17:59:53] alive=1/8
[18:00:53] alive=1/8
[18:01:53] alive=1/8
[18:02:54] alive=1/8
[18:03:54] alive=1/8
[18:04:54] alive=1/8
[18:05:54] alive=1/8
[18:06:54] alive=1/8
[18:07:54] alive=1/8
[18:08:54] alive=1/8
[18:09:54] alive=1/8
[18:10:54] alive=1/8
[18:11:54] alive=1/8
[18:12:54] alive=1/8
[18:13:54] alive=1/8
[18:14:54] alive=1/8
[18:15:54] alive=1/8
[18:16:54] alive=1/8
[18:17:55] alive=1/8
[18:18:55] alive=1/8
[18:19:55] alive=1/8
[18:20:55] alive=1/8
[18:21:55] alive=1/8
[18:22:55] alive=1/8
[18:23:55] alive=1/8
[18:24:55] alive=1/8
[18:25:55] alive=1/8
[18:26:55] alive=1/8
[18:27:55] alive=1/8
[18:28:55] alive=1/8
[18:29:55] alive=1/8
[18:30:56] alive=1/8
[18:31:56] alive=1/8
[18:32:56] alive=1/8
[18:33:56] alive=1/8
[18:34:56] alive=1/8
[18:35:56] alive=1/8
[18:36:56] alive=1/8
[18:37:56] alive=1/8
[18:38:56] alive=1/8
[18:39:56] alive=1/8
[18:40:56] alive=1/8
[18:41:56] alive=1/8
[18:42:56] alive=1/8
[18:43:56] alive=1/8
[18:44:56] alive=1/8
[18:45:57] alive=1/8
[18:46:57] alive=1/8
[18:47:57] alive=1/8
[18:48:57] alive=1/8
[18:49:57] alive=1/8
[18:50:57] alive=1/8
[18:51:57] alive=1/8
[18:52:57] alive=1/8
[18:53:57] alive=1/8
[18:54:57] alive=1/8
[18:55:57] alive=1/8
[18:56:57] alive=1/8
[18:57:57] alive=1/8
[18:58:57] alive=1/8
[18:59:58] alive=1/8
[19:00:58] alive=1/8
[19:01:58] alive=1/8
[19:02:58] alive=1/8
[19:03:58] alive=1/8
[19:04:58] alive=1/8
[19:05:58] alive=1/8
[19:06:58] alive=1/8
[19:07:58] alive=1/8
[19:08:58] alive=1/8
[19:09:56] DONE task=place_can_basket cond=baseline gpu=4 rc=0
[19:09:58] alive=0/8

==========================================
All jobs finished. Per-job status:
==========================================
  hanging_mug_baseline: rc=0
  hanging_mug_vlm: rc=0
  open_microwave_baseline: rc=0
  open_microwave_vlm: rc=0
  place_can_basket_baseline: rc=0
  place_can_basket_vlm: rc=0
  turn_switch_baseline: rc=0
  turn_switch_vlm: rc=0

Run root: evaluate_results/robotwin/vlm_matrix/20260519_115312
Result files (success rates):
  hanging_mug_baseline: MISSING
  hanging_mug_vlm: MISSING
  open_microwave_baseline: MISSING
  open_microwave_vlm: MISSING
  place_can_basket_baseline: MISSING
  place_can_basket_vlm: MISSING
  turn_switch_baseline: MISSING
  turn_switch_vlm: MISSING
